// Jest Snapshot v1, https://goo.gl/fbAQLP

exports[`App test renders properly 1`] = `
Object {
  "asFragment": [Function],
  "baseElement": <body>
    <div>
      <div
        class="container-fluid"
      >
        <div
          class="row mt-3"
        >
          <div
            class="col-md-6 offset-md-4 mb-3"
          >
            <h3>
              Random number generator
            </h3>
          </div>
          <div
            class="col-md-5 offset-md-3"
          >
            <div>
              <div
                class="input-group mb-3 "
              >
                <input
                  class="form-control"
                  data-testid="number"
                  name="number"
                  placeholder="Enter number"
                  type="number"
                />
                <div
                  class="input-group-append"
                >
                  <button
                    class="btn btn-outline-primary"
                    type="button"
                  >
                    Generate Number
                  </button>
                </div>
              </div>
              <div
                class="row"
              >
                <div
                  class="form-inline offset-md-2"
                >
                  <div
                    class="custom-control custom-checkbox"
                  >
                    <button
                      class="btn btn-sm btn-outline-primary"
                      data-testid="number"
                    >
                      Ascending
                    </button>
                  </div>
                  <div
                    class="custom-control custom-checkbox"
                  >
                    <button
                      class="btn btn-sm btn-outline-primary"
                    >
                      Descending
                    </button>
                  </div>
                  <div
                    class="custom-control custom-checkbox"
                  >
                    <button
                      class="btn btn-sm btn-outline-primary"
                      data-target="#exampleModal"
                      data-testid="number"
                      data-toggle="modal"
                    >
                      Min
                    </button>
                  </div>
                  <div
                    aria-hidden="true"
                    aria-labelledby="exampleModalLabel"
                    class="modal fade"
                    id="exampleModal"
                    role="dialog"
                    tabindex="-1"
                  >
                    <div
                      class="modal-dialog"
                      role="document"
                    >
                      <div
                        class="modal-content"
                      >
                        <div
                          class="modal-header"
                        >
                          <h5
                            class="modal-title text-center"
                            id="exampleModalLabel"
                          >
                            Minimum Number
                          </h5>
                          <button
                            aria-label="Close"
                            class="close"
                            data-dismiss="modal"
                            type="button"
                          >
                            <span
                              aria-hidden="true"
                            >
                              ×
                            </span>
                          </button>
                        </div>
                        <div
                          class="modal-body"
                        >
                          Minimum Number generated = 
                          0
                        </div>
                      </div>
                    </div>
                  </div>
                  <div
                    class="custom-control custom-checkbox mr-5"
                  >
                    <button
                      class="btn btn-sm btn-outline-primary"
                      data-target="#exampleModal2"
                      data-testid="number"
                      data-toggle="modal"
                    >
                      Max
                    </button>
                  </div>
                  <div
                    aria-hidden="true"
                    aria-labelledby="exampleModalLabel"
                    class="modal fade"
                    id="exampleModal2"
                    role="dialog"
                    tabindex="-1"
                  >
                    <div
                      class="modal-dialog"
                      role="document"
                    >
                      <div
                        class="modal-content"
                      >
                        <div
                          class="modal-header"
                        >
                          <h5
                            class="modal-title text-center"
                            id="exampleModalLabel"
                          >
                            Maximum Number
                          </h5>
                          <button
                            aria-label="Close"
                            class="close"
                            data-dismiss="modal"
                            type="button"
                          >
                            <span
                              aria-hidden="true"
                            >
                              ×
                            </span>
                          </button>
                        </div>
                        <div
                          class="modal-body"
                        >
                          Maximum Number generated = 
                          0
                        </div>
                      </div>
                    </div>
                  </div>
                  <div
                    class="custom-control custom-checkbox mt-1 offset-md-3"
                  >
                    <a
                      download="numbers.txt"
                      href="data:text/plain;charset=utf-8,"
                    >
                      <button
                        class="btn btn-sm btn-outline-primary"
                      >
                        Dowload numbers
                      </button>
                    </a>
                  </div>
                </div>
              </div>
              <div
                class="row mt-4"
                data-testid="number-list-section"
              />
            </div>
          </div>
        </div>
      </div>
    </div>
  </body>,
  "container": <div>
    <div
      class="container-fluid"
    >
      <div
        class="row mt-3"
      >
        <div
          class="col-md-6 offset-md-4 mb-3"
        >
          <h3>
            Random number generator
          </h3>
        </div>
        <div
          class="col-md-5 offset-md-3"
        >
          <div>
            <div
              class="input-group mb-3 "
            >
              <input
                class="form-control"
                data-testid="number"
                name="number"
                placeholder="Enter number"
                type="number"
              />
              <div
                class="input-group-append"
              >
                <button
                  class="btn btn-outline-primary"
                  type="button"
                >
                  Generate Number
                </button>
              </div>
            </div>
            <div
              class="row"
            >
              <div
                class="form-inline offset-md-2"
              >
                <div
                  class="custom-control custom-checkbox"
                >
                  <button
                    class="btn btn-sm btn-outline-primary"
                    data-testid="number"
                  >
                    Ascending
                  </button>
                </div>
                <div
                  class="custom-control custom-checkbox"
                >
                  <button
                    class="btn btn-sm btn-outline-primary"
                  >
                    Descending
                  </button>
                </div>
                <div
                  class="custom-control custom-checkbox"
                >
                  <button
                    class="btn btn-sm btn-outline-primary"
                    data-target="#exampleModal"
                    data-testid="number"
                    data-toggle="modal"
                  >
                    Min
                  </button>
                </div>
                <div
                  aria-hidden="true"
                  aria-labelledby="exampleModalLabel"
                  class="modal fade"
                  id="exampleModal"
                  role="dialog"
                  tabindex="-1"
                >
                  <div
                    class="modal-dialog"
                    role="document"
                  >
                    <div
                      class="modal-content"
                    >
                      <div
                        class="modal-header"
                      >
                        <h5
                          class="modal-title text-center"
                          id="exampleModalLabel"
                        >
                          Minimum Number
                        </h5>
                        <button
                          aria-label="Close"
                          class="close"
                          data-dismiss="modal"
                          type="button"
                        >
                          <span
                            aria-hidden="true"
                          >
                            ×
                          </span>
                        </button>
                      </div>
                      <div
                        class="modal-body"
                      >
                        Minimum Number generated = 
                        0
                      </div>
                    </div>
                  </div>
                </div>
                <div
                  class="custom-control custom-checkbox mr-5"
                >
                  <button
                    class="btn btn-sm btn-outline-primary"
                    data-target="#exampleModal2"
                    data-testid="number"
                    data-toggle="modal"
                  >
                    Max
                  </button>
                </div>
                <div
                  aria-hidden="true"
                  aria-labelledby="exampleModalLabel"
                  class="modal fade"
                  id="exampleModal2"
                  role="dialog"
                  tabindex="-1"
                >
                  <div
                    class="modal-dialog"
                    role="document"
                  >
                    <div
                      class="modal-content"
                    >
                      <div
                        class="modal-header"
                      >
                        <h5
                          class="modal-title text-center"
                          id="exampleModalLabel"
                        >
                          Maximum Number
                        </h5>
                        <button
                          aria-label="Close"
                          class="close"
                          data-dismiss="modal"
                          type="button"
                        >
                          <span
                            aria-hidden="true"
                          >
                            ×
                          </span>
                        </button>
                      </div>
                      <div
                        class="modal-body"
                      >
                        Maximum Number generated = 
                        0
                      </div>
                    </div>
                  </div>
                </div>
                <div
                  class="custom-control custom-checkbox mt-1 offset-md-3"
                >
                  <a
                    download="numbers.txt"
                    href="data:text/plain;charset=utf-8,"
                  >
                    <button
                      class="btn btn-sm btn-outline-primary"
                    >
                      Dowload numbers
                    </button>
                  </a>
                </div>
              </div>
            </div>
            <div
              class="row mt-4"
              data-testid="number-list-section"
            />
          </div>
        </div>
      </div>
    </div>
  </div>,
  "debug": [Function],
  "findAllByAltText": [Function],
  "findAllByDisplayValue": [Function],
  "findAllByLabelText": [Function],
  "findAllByPlaceholderText": [Function],
  "findAllByRole": [Function],
  "findAllByTestId": [Function],
  "findAllByText": [Function],
  "findAllByTitle": [Function],
  "findByAltText": [Function],
  "findByDisplayValue": [Function],
  "findByLabelText": [Function],
  "findByPlaceholderText": [Function],
  "findByRole": [Function],
  "findByTestId": [Function],
  "findByText": [Function],
  "findByTitle": [Function],
  "getAllByAltText": [Function],
  "getAllByDisplayValue": [Function],
  "getAllByLabelText": [Function],
  "getAllByPlaceholderText": [Function],
  "getAllByRole": [Function],
  "getAllBySelectText": [Function],
  "getAllByTestId": [Function],
  "getAllByText": [Function],
  "getAllByTitle": [Function],
  "getAllByValue": [Function],
  "getByAltText": [Function],
  "getByDisplayValue": [Function],
  "getByLabelText": [Function],
  "getByPlaceholderText": [Function],
  "getByRole": [Function],
  "getBySelectText": [Function],
  "getByTestId": [Function],
  "getByText": [Function],
  "getByTitle": [Function],
  "getByValue": [Function],
  "queryAllByAltText": [Function],
  "queryAllByDisplayValue": [Function],
  "queryAllByLabelText": [Function],
  "queryAllByPlaceholderText": [Function],
  "queryAllByRole": [Function],
  "queryAllBySelectText": [Function],
  "queryAllByTestId": [Function],
  "queryAllByText": [Function],
  "queryAllByTitle": [Function],
  "queryAllByValue": [Function],
  "queryByAltText": [Function],
  "queryByDisplayValue": [Function],
  "queryByLabelText": [Function],
  "queryByPlaceholderText": [Function],
  "queryByRole": [Function],
  "queryBySelectText": [Function],
  "queryByTestId": [Function],
  "queryByText": [Function],
  "queryByTitle": [Function],
  "queryByValue": [Function],
  "rerender": [Function],
  "unmount": [Function],
}
`;
